\BOOKMARK [0][-]{chapter*.2}{\376\377\000L\000i\000s\000t\000\040\000o\000f\000\040\000T\000a\000b\000l\000e\000s}{}% 1
\BOOKMARK [0][-]{chapter*.3}{\376\377\000L\000i\000s\000t\000\040\000o\000f\000\040\000F\000i\000g\000u\000r\000e\000s}{}% 2
\BOOKMARK [0][-]{chapter.1}{\376\377\000C\000h\000a\000p\000t\000e\000r\000\040\000I\000n\000t\000r\000o\000d\000u\000c\000t\000i\000o\000n}{}% 3
\BOOKMARK [1][-]{section.1.1}{\376\377\000B\000a\000c\000k\000g\000r\000o\000u\000n\000d}{chapter.1}% 4
\BOOKMARK [1][-]{section.1.2}{\376\377\000P\000r\000o\000b\000l\000e\000m\000\040\000S\000t\000a\000t\000e\000m\000e\000n\000t}{chapter.1}% 5
\BOOKMARK [1][-]{section.1.3}{\376\377\000S\000o\000l\000u\000t\000i\000o\000n\000\040\000O\000v\000e\000r\000v\000i\000e\000w}{chapter.1}% 6
\BOOKMARK [1][-]{section.1.4}{\376\377\000R\000e\000v\000i\000s\000i\000o\000n\000\040\000B\000a\000s\000e\000d\000\040\000o\000n\000\040\000P\000r\000o\000p\000o\000s\000a\000l\000\040\000F\000e\000e\000d\000b\000a\000c\000k}{chapter.1}% 7
\BOOKMARK [1][-]{section.1.5}{\376\377\000M\000V\000P\000\040\000S\000c\000o\000p\000e\000\040\000B\000o\000u\000n\000d\000a\000r\000y}{chapter.1}% 8
\BOOKMARK [1][-]{section.1.6}{\376\377\000C\000u\000r\000r\000e\000n\000t\000\040\000P\000O\000C\000\040\000B\000a\000s\000e\000l\000i\000n\000e}{chapter.1}% 9
\BOOKMARK [2][-]{subsection.1.6.1}{\376\377\000F\000e\000a\000t\000u\000r\000e\000s}{section.1.6}% 10
\BOOKMARK [1][-]{section.1.7}{\376\377\000T\000a\000r\000g\000e\000t\000\040\000U\000s\000e\000r\000s}{chapter.1}% 11
\BOOKMARK [1][-]{section.1.8}{\376\377\000T\000e\000r\000m\000i\000n\000o\000l\000o\000g\000y}{chapter.1}% 12
\BOOKMARK [0][-]{chapter.2}{\376\377\000C\000h\000a\000p\000t\000e\000r\000\040\000L\000i\000t\000e\000r\000a\000t\000u\000r\000e\000\040\000R\000e\000v\000i\000e\000w\000\040\000a\000n\000d\000\040\000R\000e\000l\000a\000t\000e\000d\000\040\000W\000o\000r\000k}{}% 13
\BOOKMARK [1][-]{section.2.1}{\376\377\000C\000o\000m\000p\000e\000t\000i\000t\000o\000r\000\040\000A\000n\000a\000l\000y\000s\000i\000s}{chapter.2}% 14
\BOOKMARK [2][-]{subsection.2.1.1}{\376\377\000K\000U\000\040\000O\000f\000f\000i\000c\000i\000a\000l\000\040\000I\000n\000f\000o\000r\000m\000a\000t\000i\000o\000n\000\040\000C\000h\000a\000n\000n\000e\000l\000s}{section.2.1}% 15
\BOOKMARK [2][-]{subsection.2.1.2}{\376\377\000G\000e\000n\000e\000r\000a\000l\000-\000P\000u\000r\000p\000o\000s\000e\000\040\000L\000L\000M\000s}{section.2.1}% 16
\BOOKMARK [2][-]{subsection.2.1.3}{\376\377\000U\000n\000i\000v\000e\000r\000s\000i\000t\000y\000-\000S\000p\000e\000c\000i\000f\000i\000c\000\040\000A\000I\000\040\000A\000d\000v\000i\000s\000o\000r\000s\000\040\000a\000t\000\040\000O\000t\000h\000e\000r\000\040\000T\000h\000a\000i\000\040\000I\000n\000s\000t\000i\000t\000u\000t\000i\000o\000n\000s}{section.2.1}% 17
\BOOKMARK [2][-]{subsection.2.1.4}{\376\377\000T\000C\000A\000S\000\040\000I\000n\000f\000o\000r\000m\000a\000t\000i\000o\000n\000\040\000P\000l\000a\000t\000f\000o\000r\000m\000s}{section.2.1}% 18
\BOOKMARK [2][-]{subsection.2.1.5}{\376\377\000C\000o\000m\000p\000a\000r\000i\000s\000o\000n\000\040\000S\000u\000m\000m\000a\000r\000y}{section.2.1}% 19
\BOOKMARK [1][-]{section.2.2}{\376\377\000L\000i\000t\000e\000r\000a\000t\000u\000r\000e\000\040\000R\000e\000v\000i\000e\000w}{chapter.2}% 20
\BOOKMARK [2][-]{subsection.2.2.1}{\376\377\000R\000e\000t\000r\000i\000e\000v\000a\000l\000-\000A\000u\000g\000m\000e\000n\000t\000e\000d\000\040\000G\000e\000n\000e\000r\000a\000t\000i\000o\000n\000\040\000\050\000R\000A\000G\000\051}{section.2.2}% 21
\BOOKMARK [2][-]{subsection.2.2.2}{\376\377\000K\000n\000o\000w\000l\000e\000d\000g\000e\000\040\000G\000r\000a\000p\000h\000s\000\040\000f\000o\000r\000\040\000E\000d\000u\000c\000a\000t\000i\000o\000n\000a\000l\000\040\000R\000e\000c\000o\000m\000m\000e\000n\000d\000a\000t\000i\000o\000n}{section.2.2}% 22
\BOOKMARK [2][-]{subsection.2.2.3}{\376\377\000A\000d\000a\000p\000t\000i\000v\000e\000\040\000Q\000u\000i\000z\000\040\000a\000n\000d\000\040\000I\000n\000t\000e\000r\000e\000s\000t\000\040\000P\000r\000o\000f\000i\000l\000i\000n\000g}{section.2.2}% 23
\BOOKMARK [2][-]{subsection.2.2.4}{\376\377\000H\000y\000b\000r\000i\000d\000\040\000R\000e\000c\000o\000m\000m\000e\000n\000d\000a\000t\000i\000o\000n\000\040\000A\000r\000c\000h\000i\000t\000e\000c\000t\000u\000r\000e}{section.2.2}% 24
\BOOKMARK [0][-]{chapter.3}{\376\377\000C\000h\000a\000p\000t\000e\000r\000\040\000R\000e\000q\000u\000i\000r\000e\000m\000e\000n\000t\000\040\000A\000n\000a\000l\000y\000s\000i\000s}{}% 25
\BOOKMARK [1][-]{section.3.1}{\376\377\000S\000t\000a\000k\000e\000h\000o\000l\000d\000e\000r\000\040\000A\000n\000a\000l\000y\000s\000i\000s}{chapter.3}% 26
\BOOKMARK [1][-]{section.3.2}{\376\377\000U\000s\000e\000r\000\040\000S\000t\000o\000r\000i\000e\000s\000\040\000a\000n\000d\000\040\000U\000s\000e\000\040\000C\000a\000s\000e\000s}{chapter.3}% 27
\BOOKMARK [2][-]{subsection.3.2.1}{\376\377\000H\000i\000g\000h\000\040\000S\000c\000h\000o\000o\000l\000\040\000S\000t\000u\000d\000e\000n\000t\000\040\000U\000s\000e\000r\000\040\000S\000t\000o\000r\000i\000e\000s}{section.3.2}% 28
\BOOKMARK [2][-]{subsection.3.2.2}{\376\377\000A\000d\000d\000i\000t\000i\000o\000n\000a\000l\000\040\000U\000s\000e\000r\000\040\000S\000t\000o\000r\000i\000e\000s}{section.3.2}% 29
\BOOKMARK [2][-]{subsection.3.2.3}{\376\377\000K\000e\000y\000\040\000U\000s\000e\000\040\000C\000a\000s\000e\000s}{section.3.2}% 30
\BOOKMARK [1][-]{section.3.3}{\376\377\000U\000s\000e\000\040\000C\000a\000s\000e\000\040\000D\000i\000a\000g\000r\000a\000m}{chapter.3}% 31
\BOOKMARK [1][-]{section.3.4}{\376\377\000N\000o\000n\000-\000F\000u\000n\000c\000t\000i\000o\000n\000a\000l\000\040\000R\000e\000q\000u\000i\000r\000e\000m\000e\000n\000t\000s}{chapter.3}% 32
\BOOKMARK [1][-]{section.3.5}{\376\377\000U\000s\000e\000r\000\040\000I\000n\000t\000e\000r\000f\000a\000c\000e\000\040\000D\000e\000s\000i\000g\000n}{chapter.3}% 33
\BOOKMARK [0][-]{chapter.4}{\376\377\000C\000h\000a\000p\000t\000e\000r\000\040\000S\000o\000f\000t\000w\000a\000r\000e\000\040\000A\000r\000c\000h\000i\000t\000e\000c\000t\000u\000r\000e\000\040\000D\000e\000s\000i\000g\000n}{}% 34
\BOOKMARK [1][-]{section.4.1}{\376\377\000S\000y\000s\000t\000e\000m\000\040\000A\000r\000c\000h\000i\000t\000e\000c\000t\000u\000r\000e\000\040\000O\000v\000e\000r\000v\000i\000e\000w}{chapter.4}% 35
\BOOKMARK [2][-]{subsection.4.1.1}{\376\377\000E\000v\000a\000l\000u\000a\000t\000e\000d\000\040\000M\000V\000P\000\040\000A\000r\000c\000h\000i\000t\000e\000c\000t\000u\000r\000e}{section.4.1}% 36
\BOOKMARK [2][-]{subsection.4.1.2}{\376\377\000T\000a\000r\000g\000e\000t\000-\000S\000y\000s\000t\000e\000m\000\040\000A\000r\000c\000h\000i\000t\000e\000c\000t\000u\000r\000e}{section.4.1}% 37
\BOOKMARK [1][-]{section.4.2}{\376\377\000S\000o\000f\000t\000w\000a\000r\000e\000\040\000D\000e\000s\000i\000g\000n}{chapter.4}% 38
\BOOKMARK [2][-]{subsection.4.2.1}{\376\377\000R\000A\000G\000\040\000P\000i\000p\000e\000l\000i\000n\000e\000\040\000S\000e\000q\000u\000e\000n\000c\000e}{section.4.2}% 39
\BOOKMARK [2][-]{subsection.4.2.2}{\376\377\000R\000e\000c\000o\000m\000m\000e\000n\000d\000a\000t\000i\000o\000n\000\040\000P\000i\000p\000e\000l\000i\000n\000e\000\040\000S\000e\000q\000u\000e\000n\000c\000e}{section.4.2}% 40
\BOOKMARK [2][-]{subsection.4.2.3}{\376\377\000I\000n\000t\000e\000r\000e\000s\000t\000\040\000E\000l\000i\000c\000i\000t\000a\000t\000i\000o\000n\000\040\000F\000l\000o\000w}{section.4.2}% 41
\BOOKMARK [1][-]{section.4.3}{\376\377\000A\000I\000\040\000a\000n\000d\000\040\000D\000a\000t\000a\000\040\000D\000e\000s\000i\000g\000n}{chapter.4}% 42
\BOOKMARK [2][-]{subsection.4.3.1}{\376\377\000D\000a\000t\000a\000\040\000S\000o\000u\000r\000c\000e\000s\000\040\000a\000n\000d\000\040\000C\000o\000l\000l\000e\000c\000t\000i\000o\000n}{section.4.3}% 43
\BOOKMARK [2][-]{subsection.4.3.2}{\376\377\000M\000o\000d\000e\000l\000\040\000D\000e\000s\000i\000g\000n}{section.4.3}% 44
\BOOKMARK [2][-]{subsection.4.3.3}{\376\377\000E\000v\000a\000l\000u\000a\000t\000i\000o\000n}{section.4.3}% 45
\BOOKMARK [0][-]{chapter.5}{\376\377\000C\000h\000a\000p\000t\000e\000r\000\040\000S\000o\000f\000t\000w\000a\000r\000e\000\040\000D\000e\000v\000e\000l\000o\000p\000m\000e\000n\000t}{}% 46
\BOOKMARK [1][-]{section.5.1}{\376\377\000S\000c\000h\000e\000d\000u\000l\000e}{chapter.5}% 47
\BOOKMARK [0][-]{chapter*.16}{\376\377\000A\000p\000p\000e\000n\000d\000i\000x\000\040\000A\000:\000\040\000R\000I\000A\000S\000E\000C\000\040\000E\000l\000i\000c\000i\000t\000a\000t\000i\000o\000n\000\040\000Q\000u\000e\000s\000t\000i\000o\000n\000\040\000B\000a\000n\000k\000\040\000a\000n\000d\000\040\000S\000c\000o\000r\000i\000n\000g\000\040\000L\000o\000g\000i\000c}{}% 48
\BOOKMARK [0][-]{chapter*.17}{\376\377\000A\000p\000p\000e\000n\000d\000i\000x\000\040\000B\000:\000\040\000A\000b\000o\000u\000t\000\040\000L\000a\000T\000e\000X}{}% 49
